........................................................................ [  4%]
........................................................................ [  8%]
........................................................................ [ 13%]
........................................................................ [ 17%]
........................................................................ [ 22%]
........................................................................ [ 26%]
........................................................................ [ 30%]
........................................................................ [ 35%]
........................................................................ [ 39%]
........................................................................ [ 44%]
................s....................................................... [ 48%]
........................................................................ [ 53%]
........................................................................ [ 57%]
........................................................................ [ 61%]
........................................................................ [ 66%]
........................................................................ [ 70%]
........................................................................ [ 75%]
........................................................................ [ 79%]
........................................................................ [ 83%]
........................................................................ [ 88%]
........................................................................ [ 92%]
........................................................................ [ 97%]
.............................................                            [100%]
============================== warnings summary ===============================
..\..\P012_FUNDING_PY312_20260911\Lib\site-packages\fastapi\testclient.py:1
  C:\tmp\P012_FUNDING_PY312_20260911\Lib\site-packages\fastapi\testclient.py:1: StarletteDeprecationWarning: Using `httpx` with `starlette.testclient` is deprecated; install `httpx2` instead.
    from starlette.testclient import TestClient as TestClient  # noqa

-- Docs: https://docs.pytest.org/en/stable/how-to/capture-warnings.html
1628 passed, 1 skipped, 1 warning in 171.28s (0:02:51)
