EXTRACT_archive path=/home/gatea/wpl_p2b_staging_WPLP2B-20260809T210610Z-834380c5/kit/runkit_b.tar bytes=184320 sha256=888bec17cbea99a781368b7c3747d6a9085840005a686000bedaadcacb44246b
EXTRACT_NOTE members_exact count=10 order=stage1b
RP0-LIB.sh: OK
RP0-BOOTSTRAP.sh: OK
RP1-B3.sh: OK
RP3-C2A-POST.sh: OK
RP3-C2B-POST.sh: OK
RP4-C3.py: OK
RP5-C4A.sh: OK
RP5-C4B.sh: OK
RP5-C4C.sh: OK
RPD-VERIFY.sh: OK
EXTRACT_block name=RP0-LIB.sh sha256=4a404d7b90d83aef47b3593757f86e3699b3bc2dd772f51df63ead4f10d9ab48
EXTRACT_block name=RP0-BOOTSTRAP.sh sha256=e7d748f6b41c6156de4d5c5e2d93c2b08729b1f85377b132660424024815bb33
EXTRACT_block name=RP1-B3.sh sha256=6f3ea022b68d80a552c4ebcb771bbb2a707bdab46a383d605ffc5b88b884becc
EXTRACT_block name=RP3-C2A-POST.sh sha256=e233d29b005964e84cd6cbc2af50deccd83bb281dac39696e47de1c8890b5a27
EXTRACT_block name=RP3-C2B-POST.sh sha256=26a1010cd9380289c5b90c08845b2af6ec31074fc5145241978a714b930bb412
EXTRACT_block name=RP4-C3.py sha256=0520cc901e56a66fe61e0df9edc0ed33fa4b05c09d62ba8f7471ef9ff688e4a5
EXTRACT_block name=RP5-C4A.sh sha256=a5b1b2e4d4e5227b3bb1f0ea31e9e547040231913445970efe1046f4eba9e0f2
EXTRACT_block name=RP5-C4B.sh sha256=10c4b3231042101ed9049dbf57ec3123ce902e9b18136769728a1a2e92f4037e
EXTRACT_block name=RP5-C4C.sh sha256=de7301f1deb752bcc63d818348c2fdc33372a6b7d7d4f377b62bdf27d313e3a8
EXTRACT_block name=RPD-VERIFY.sh sha256=3b9e78e87cecdc10ab1a10d14e79dbff530968e4075277117743c88976fa813c
EXTRACT PASS archive=/home/gatea/wpl_p2b_staging_WPLP2B-20260809T210610Z-834380c5/kit/runkit_b.tar archive_sha256=888bec17cbea99a781368b7c3747d6a9085840005a686000bedaadcacb44246b dir=/home/gatea/wpl_p2b_staging_WPLP2B-20260809T210610Z-834380c5/kit/extracted members=10 verified=10 executed=0
