COMPLETE PERSISTED RECORDS (21 fields, two bars): PASS
PERSISTED FENCE PROOF (open): OLD_FENCE_ACCEPTS_DEVIANT; NEW_FENCE_REJECTS_DEVIANT
REINTRODUCTION MUTANT (persisted open corrupted): DETECTED
PERSISTED FENCE PROOF (env_lineage_id): OLD_FENCE_ACCEPTS_DEVIANT; NEW_FENCE_REJECTS_DEVIANT
REINTRODUCTION MUTANT (persisted env_lineage_id corrupted): DETECTED
FOUR-INTERVAL ARCHIVE/GAP/ROLLOVER MATRIX: PASS
INTERVAL-STEP MUTANT (1h/4h swapped): DETECTED
GAP-REPORT CLI (gap + complete): PASS
OFFLINE COLLECTOR LIFECYCLE (success + wait error): PASS
LIFECYCLE MUTANT (close skipped after wait error): DETECTED
MODIFIED COPY (gap detection removed): DETECTED
CARRIED FENCE PROOF (forming bar): OLD_FENCE_ACCEPTS_DEVIANT; NEW_FENCE_REJECTS_DEVIANT
CARRIED FENCE PROOF (refusal): OLD_FENCE_ACCEPTS_DEVIANT; NEW_FENCE_REJECTS_DEVIANT
REINTRODUCTION MUTANT (packet interpretation): DETECTED
REINTRODUCTION MUTANT (packet interpretation (static boundary)): DETECTED
REINTRODUCTION MUTANT (durable gap event): DETECTED
REINTRODUCTION MUTANT (concrete SDK import): DETECTED
REINTRODUCTION MUTANT (forming bar written): DETECTED
REINTRODUCTION MUTANT (eth_account import): DETECTED
REINTRODUCTION MUTANT (os.environ read): DETECTED
REINTRODUCTION MUTANT (order call): DETECTED
NETWORK ATTEMPTS: 0
MARKET DATA COLLECTOR CHECK: PASS
