........................................................................ [  7%]
........................................................................ [ 14%]
........................................................................ [ 21%]
.........................................F.............................. [ 28%]
........................................................................ [ 35%]
........................................................................ [ 42%]
........................................................................ [ 49%]
........................................................................ [ 56%]
........................................................................ [ 63%]
........................................................................ [ 70%]
........................................................................ [ 77%]
........................................................................ [ 84%]
........................................................................ [ 91%]
........................F............................................... [ 98%]
.............                                                            [100%]
================================== FAILURES ===================================
__________ test_canonical_ledger_and_all_three_row_fixtures_validate __________

    def test_canonical_ledger_and_all_three_row_fixtures_validate():
        validator = load_module("kvm2_ledger_validator", PROGRAM / "evidence" / "validate_ledger.py")
>       assert validator.validate_file(
            PROGRAM / "evidence" / "EVIDENCE_LEDGER.jsonl",
            repo_root=REPO_ROOT,
            verify_artifacts=True,
        ) == 1

IBKR_PAPER_BRIDGE\tests\test_linux_deployment.py:409: 
_ _ _ _ _ _ _ _ _ _ _ _ _ _ _ _ _ _ _ _ _ _ _ _ _ _ _ _ _ _ _ _ _ _ _ _ _ _ _ _
MTC_COMMAND_CENTER\11_TRIAGE\KVM2_PROGRAM\evidence\validate_ledger.py:192: in validate_file
    validate_row(row, repo_root=repo_root, verify_artifact=verify_artifacts)
_ _ _ _ _ _ _ _ _ _ _ _ _ _ _ _ _ _ _ _ _ _ _ _ _ _ _ _ _ _ _ _ _ _ _ _ _ _ _ _

row = {'artifact_sha256': 'f4cdece5098d4e915431f9fd916005bbc3d79ea5af89a0535e3e21d668bda90e', 'authorizer': 'Owner batch aut...ion': 'public-sanitized', 'description': 'Prepare the sanitized evidence-ledger contract and validation fixtures', ...}

    def validate_row(
        row: dict[str, Any],
        *,
        repo_root: Path | None = None,
        verify_artifact: bool = False,
    ) -> None:
        if set(row) != REQUIRED_FIELDS:
            missing = sorted(REQUIRED_FIELDS - set(row))
            extra = sorted(set(row) - REQUIRED_FIELDS)
            raise LedgerValidationError(f"field mismatch missing={missing} extra={extra}")
        _reject_private_values(row)
    
        for field in ("task_id", "description", "authorizer", "executor", "independent_verifier"):
            if not isinstance(row[field], str) or not row[field].strip():
                raise LedgerValidationError(f"{field} must be a non-empty string")
        if not isinstance(row["prerequisite_task_ids"], list) or not all(
            isinstance(item, str) and item for item in row["prerequisite_task_ids"]
        ):
            raise LedgerValidationError("prerequisite_task_ids must be a string list")
        if not isinstance(row["stop_retry_history"], list) or not all(
            isinstance(item, str) and item for item in row["stop_retry_history"]
        ):
            raise LedgerValidationError("stop_retry_history must be a string list")
        if row["data_classification"] not in CLASSIFICATIONS:
            raise LedgerValidationError("invalid data_classification")
        if row["verdict"] not in VERDICTS:
            raise LedgerValidationError("invalid verdict")
        if not _valid_timestamp(row["utc_timestamp"]):
            raise LedgerValidationError("invalid utc_timestamp")
        if not isinstance(row["artifact_sha256"], str) or not SHA_RE.fullmatch(
            row["artifact_sha256"]
        ):
            raise LedgerValidationError("invalid artifact_sha256")
    
        publishable = row["publishable_artifact_path"]
        restricted = row["restricted_raw_evidence_logical_id"]
        classification = row["data_classification"]
        if classification == "public-sanitized" and not (
            isinstance(publishable, str) and restricted is None
        ):
            raise LedgerValidationError("public-sanitized row contract violated")
        if classification == "restricted-encrypted" and not (
            publishable is None and isinstance(restricted, str)
        ):
            raise LedgerValidationError("restricted-encrypted row contract violated")
        if classification == "mixed" and not (
            isinstance(publishable, str) and isinstance(restricted, str)
        ):
            raise LedgerValidationError("mixed row contract violated")
    
        if publishable is not None:
            pure = PurePosixPath(publishable)
            if (
                not publishable.startswith(PROGRAM_PREFIX)
                or pure.is_absolute()
                or ".." in pure.parts
                or "\\" in publishable
            ):
                raise LedgerValidationError("publishable path escapes the program root")
            if verify_artifact:
                if repo_root is None:
                    raise LedgerValidationError("repo_root required for artifact verification")
                artifact = repo_root / Path(*pure.parts)
                if not artifact.is_file():
                    raise LedgerValidationError("publishable artifact is missing")
                if _sha256_file(artifact) != row["artifact_sha256"]:
>                   raise LedgerValidationError("publishable artifact hash mismatch")
E                   kvm2_ledger_validator.LedgerValidationError: publishable artifact hash mismatch

MTC_COMMAND_CENTER\11_TRIAGE\KVM2_PROGRAM\evidence\validate_ledger.py:162: LedgerValidationError
__________________ test_invariants_preserve_risk_and_history __________________

source_db = WindowsPath('C:/Users/BarışSemaay/AppData/Local/Temp/pytest-of-BarışSemaay/pytest-972/test_invariants_preserve_risk_0/src/bridge.db')
bundle_dir = WindowsPath('C:/Users/BarışSemaay/AppData/Local/Temp/pytest-of-BarışSemaay/pytest-972/test_invariants_preserve_risk_0/bundle')
capsys = <_pytest.capture.CaptureFixture object at 0x0000000009A71850>

    def test_invariants_preserve_risk_and_history(source_db, bundle_dir, capsys):
        rc, _ = create(source_db, bundle_dir, capsys)
        assert rc == 0
        inv = read_manifest(bundle_dir)["invariants"]
    
        assert inv["app_state"] == "DISARMED"
>       assert inv["schema_version"] == "2"
E       AssertionError: assert '4' == '2'
E         
E         - 2
E         + 4

IBKR_PAPER_BRIDGE\tests\test_wal_state_bundle.py:321: AssertionError
============================== warnings summary ===============================
..\Users\BarışSemaay\AppData\Roaming\Python\Python314\site-packages\fastapi\testclient.py:1
  C:\Users\BarışSemaay\AppData\Roaming\Python\Python314\site-packages\fastapi\testclient.py:1: StarletteDeprecationWarning: Using `httpx` with `starlette.testclient` is deprecated; install `httpx2` instead.
    from starlette.testclient import TestClient as TestClient  # noqa

-- Docs: https://docs.pytest.org/en/stable/how-to/capture-warnings.html
=========================== short test summary info ===========================
FAILED IBKR_PAPER_BRIDGE/tests/test_linux_deployment.py::test_canonical_ledger_and_all_three_row_fixtures_validate
FAILED IBKR_PAPER_BRIDGE/tests/test_wal_state_bundle.py::test_invariants_preserve_risk_and_history
2 failed, 1019 passed, 1 warning in 100.01s (0:01:40)
